PARSE ERROR:  
             One or more required arguments missing!

Brief USAGE: 
   ../examples/test1  [-u] -n <string> [--] [-v] [-h]

For complete USAGE and HELP type: 
   ../examples/test1 --help

