PARSE ERROR: for argument:   -B (--existTest B)
             Argument already set!


USAGE: 

    ../examples/test3 [-i <int>] ...  -s <string> [-B] [--] [-v] [-h] <string> <fileNameString> ...

Where: 

   -i <int>,  --intTest <int>  (accepted multiple times)
     (value required)  multi int test

   -s <string>,  --stringTest <string>
     (required)  (value required)  string test

   -B,  --existTest B
     exist Test B

   --,  --ignore_rest
     Ignores the rest of the labeled arguments following this flag.

   -v,  --version
     Displays version information and exits.

   -h,  --help
     Displays usage information and exits.

   <string>
     (required)  (value required)  unlabeld test

   <fileNameString>  (accepted multiple times)
     (value required)  file names



this is a message

