for A OR B we got : asdf
for string C we got : fdas
for string D we got : homer
for E or F or G we got: blah
